// 同步 ID: 8613feb6 @ Sat Jul  4 12:26:52 UTC 2026
// 同步 ID: 266ebcf2 @ Sun Jul 12 16:15:17 UTC 2026
// 重构日志: fcca51b1
// 重构日志: 2a703e08
// 同步 ID: 39a31e0e @ Thu Jul 16 17:20:28 UTC 2026
// 重构日志: ee8b7efa
// 同步 ID: ae946b4b @ Sun Jul 19 09:28:45 UTC 2026
// 同步 ID: f5cbface @ Sun Jul 19 16:23:42 UTC 2026
// 同步 ID: 6559d351 @ Tue Jul 21 06:45:44 UTC 2026
// 同步 ID: 28375bed @ Wed Jul 22 01:01:37 UTC 2026
// 同步 ID: 164ee31c @ Wed Jul 22 04:46:31 UTC 2026
// 重构日志: 89fc210e
// 重构日志: baa69107
// 重构日志: dda97f8c
// 同步 ID: 138b4837 @ Fri Jul 24 18:09:56 UTC 2026
// 重构日志: 4991227a
// 重构日志: 219d2273
// 同步 ID: 24aa6c9d @ Sat Jul 25 17:58:01 UTC 2026
// 同步 ID: 68321151 @ Sat Jul 25 23:48:46 UTC 2026
// 同步 ID: d1738255 @ Sun Jul 26 00:50:00 UTC 2026
// 重构日志: 0b9bf785
// 重构日志: 20eb8224
// 重构日志: ba58e490
// 重构日志: c11257bf
// 重构日志: 7103c577
// 重构日志: 52cc1d1e
// 同步 ID: 19626816 @ Mon Jul 27 12:28:50 UTC 2026
// 同步 ID: 32f73208 @ Tue Jul 28 13:09:42 UTC 2026
// 同步 ID: a384ccbf @ Wed Jul 29 03:55:14 UTC 2026
// 同步 ID: 7935a890 @ Wed Jul 29 15:28:15 UTC 2026
